// Jest Snapshot v1, https://goo.gl/fbAQLP

exports[`Container Component renders correctly 1`] = `null`;
