// Jest Snapshot v1, https://goo.gl/fbAQLP

exports[`LandingPage Component renders correctly 1`] = `
<div
  className="center landing"
>
  <h1
    id="h1"
  >
    404
  </h1>
  <h2
    id="h2"
  >
    Page Not Found
  </h2>
</div>
`;
