// Jest Snapshot v1, https://goo.gl/fbAQLP

exports[`Container Component renders correctly 1`] = `
<div>
  <div
    id="nav"
  >
    <a
      href="/"
      onClick={[Function]}
    >
      <img
        alt="logo"
        src="image/logo.png"
      />
    </a>
  </div>
  <div
    className="center landing"
  >
    <h1
      id="h1"
    >
      404
    </h1>
    <h2
      id="h2"
    >
      Page Not Found
    </h2>
  </div>
  <div />
</div>
`;
